Archive member included to satisfy reference by file (symbol)

c:/program files (x86)/atmel/studio/7.0/toolchain/avr8/avr8-gnu-toolchain/bin/../lib/gcc/avr/5.4.0/../../../../avr/lib/avr5\libm.a(divsf3.o)
                              APP/main.o (__divsf3)
c:/program files (x86)/atmel/studio/7.0/toolchain/avr8/avr8-gnu-toolchain/bin/../lib/gcc/avr/5.4.0/../../../../avr/lib/avr5\libm.a(divsf3x.o)
                              c:/program files (x86)/atmel/studio/7.0/toolchain/avr8/avr8-gnu-toolchain/bin/../lib/gcc/avr/5.4.0/../../../../avr/lib/avr5\libm.a(divsf3.o) (__divsf3x)
c:/program files (x86)/atmel/studio/7.0/toolchain/avr8/avr8-gnu-toolchain/bin/../lib/gcc/avr/5.4.0/../../../../avr/lib/avr5\libm.a(fixunssfsi.o)
                              APP/main.o (__fixunssfsi)
c:/program files (x86)/atmel/studio/7.0/toolchain/avr8/avr8-gnu-toolchain/bin/../lib/gcc/avr/5.4.0/../../../../avr/lib/avr5\libm.a(floatsisf.o)
                              APP/main.o (__floatunsisf)
c:/program files (x86)/atmel/studio/7.0/toolchain/avr8/avr8-gnu-toolchain/bin/../lib/gcc/avr/5.4.0/../../../../avr/lib/avr5\libm.a(fp_inf.o)
                              c:/program files (x86)/atmel/studio/7.0/toolchain/avr8/avr8-gnu-toolchain/bin/../lib/gcc/avr/5.4.0/../../../../avr/lib/avr5\libm.a(divsf3x.o) (__fp_inf)
c:/program files (x86)/atmel/studio/7.0/toolchain/avr8/avr8-gnu-toolchain/bin/../lib/gcc/avr/5.4.0/../../../../avr/lib/avr5\libm.a(fp_nan.o)
                              c:/program files (x86)/atmel/studio/7.0/toolchain/avr8/avr8-gnu-toolchain/bin/../lib/gcc/avr/5.4.0/../../../../avr/lib/avr5\libm.a(divsf3x.o) (__fp_nan)
c:/program files (x86)/atmel/studio/7.0/toolchain/avr8/avr8-gnu-toolchain/bin/../lib/gcc/avr/5.4.0/../../../../avr/lib/avr5\libm.a(fp_pscA.o)
                              c:/program files (x86)/atmel/studio/7.0/toolchain/avr8/avr8-gnu-toolchain/bin/../lib/gcc/avr/5.4.0/../../../../avr/lib/avr5\libm.a(divsf3x.o) (__fp_pscA)
c:/program files (x86)/atmel/studio/7.0/toolchain/avr8/avr8-gnu-toolchain/bin/../lib/gcc/avr/5.4.0/../../../../avr/lib/avr5\libm.a(fp_pscB.o)
                              c:/program files (x86)/atmel/studio/7.0/toolchain/avr8/avr8-gnu-toolchain/bin/../lib/gcc/avr/5.4.0/../../../../avr/lib/avr5\libm.a(divsf3x.o) (__fp_pscB)
c:/program files (x86)/atmel/studio/7.0/toolchain/avr8/avr8-gnu-toolchain/bin/../lib/gcc/avr/5.4.0/../../../../avr/lib/avr5\libm.a(fp_round.o)
                              c:/program files (x86)/atmel/studio/7.0/toolchain/avr8/avr8-gnu-toolchain/bin/../lib/gcc/avr/5.4.0/../../../../avr/lib/avr5\libm.a(divsf3.o) (__fp_round)
c:/program files (x86)/atmel/studio/7.0/toolchain/avr8/avr8-gnu-toolchain/bin/../lib/gcc/avr/5.4.0/../../../../avr/lib/avr5\libm.a(fp_split3.o)
                              c:/program files (x86)/atmel/studio/7.0/toolchain/avr8/avr8-gnu-toolchain/bin/../lib/gcc/avr/5.4.0/../../../../avr/lib/avr5\libm.a(divsf3x.o) (__fp_split3)
c:/program files (x86)/atmel/studio/7.0/toolchain/avr8/avr8-gnu-toolchain/bin/../lib/gcc/avr/5.4.0/../../../../avr/lib/avr5\libm.a(fp_zero.o)
                              c:/program files (x86)/atmel/studio/7.0/toolchain/avr8/avr8-gnu-toolchain/bin/../lib/gcc/avr/5.4.0/../../../../avr/lib/avr5\libm.a(fixunssfsi.o) (__fp_zero)
c:/program files (x86)/atmel/studio/7.0/toolchain/avr8/avr8-gnu-toolchain/bin/../lib/gcc/avr/5.4.0/../../../../avr/lib/avr5\libm.a(mulsf3.o)
                              APP/main.o (__mulsf3)
c:/program files (x86)/atmel/studio/7.0/toolchain/avr8/avr8-gnu-toolchain/bin/../lib/gcc/avr/5.4.0/../../../../avr/lib/avr5\libm.a(mulsf3x.o)
                              c:/program files (x86)/atmel/studio/7.0/toolchain/avr8/avr8-gnu-toolchain/bin/../lib/gcc/avr/5.4.0/../../../../avr/lib/avr5\libm.a(mulsf3.o) (__mulsf3x)
c:/program files (x86)/atmel/studio/7.0/toolchain/avr8/avr8-gnu-toolchain/bin/../lib/gcc/avr/5.4.0/avr5\libgcc.a(_udivmodsi4.o)
                              MCAL/CONFIG/Helper_Functions.o (__udivmodsi4)
c:/program files (x86)/atmel/studio/7.0/toolchain/avr8/avr8-gnu-toolchain/bin/../lib/gcc/avr/5.4.0/avr5\libgcc.a(_exit.o)
                              C:/Program Files (x86)/Atmel/Studio/7.0/Packs/atmel/ATmega_DFP/1.7.374/gcc/dev/atmega32/avr5/crtatmega32.o (exit)
c:/program files (x86)/atmel/studio/7.0/toolchain/avr8/avr8-gnu-toolchain/bin/../lib/gcc/avr/5.4.0/avr5\libgcc.a(_copy_data.o)
                              APP/main.o (__do_copy_data)
c:/program files (x86)/atmel/studio/7.0/toolchain/avr8/avr8-gnu-toolchain/bin/../lib/gcc/avr/5.4.0/avr5\libgcc.a(_clear_bss.o)
                              APP/main.o (__do_clear_bss)
c:/program files (x86)/atmel/studio/7.0/toolchain/avr8/avr8-gnu-toolchain/bin/../lib/gcc/avr/5.4.0/avr5\libgcc.a(_umulhisi3.o)
                              MCAL/TIMER/TIMER.o (__umulhisi3)

Discarded input sections

 .data          0x00000000        0x0 C:/Program Files (x86)/Atmel/Studio/7.0/Packs/atmel/ATmega_DFP/1.7.374/gcc/dev/atmega32/avr5/crtatmega32.o
 .bss           0x00000000        0x0 C:/Program Files (x86)/Atmel/Studio/7.0/Packs/atmel/ATmega_DFP/1.7.374/gcc/dev/atmega32/avr5/crtatmega32.o
 .text          0x00000000        0x0 APP/main.o
 .data          0x00000000        0x0 APP/main.o
 .bss           0x00000000        0x0 APP/main.o
 .bss.timer2_operation_mode
                0x00000000        0x1 APP/main.o
 .bss.timer1_operation_mode
                0x00000000        0x1 APP/main.o
 .bss.timer0_operation_mode
                0x00000000        0x1 APP/main.o
 .bss.timer2_delayTimeMs
                0x00000000        0x4 APP/main.o
 .bss.timer1_delayTimeMs
                0x00000000        0x4 APP/main.o
 .bss.timer0_delayTimeMs
                0x00000000        0x4 APP/main.o
 .bss.timer2_prescaler
                0x00000000        0x1 APP/main.o
 .bss.timer1_prescaler
                0x00000000        0x1 APP/main.o
 .bss.timer0_prescaler
                0x00000000        0x1 APP/main.o
 .text          0x00000000        0x0 HAL/GRAPH_LCD/GRAPH_LCD.o
 .data          0x00000000        0x0 HAL/GRAPH_LCD/GRAPH_LCD.o
 .bss           0x00000000        0x0 HAL/GRAPH_LCD/GRAPH_LCD.o
 .debug_line    0x00000000        0x0 HAL/GRAPH_LCD/GRAPH_LCD.o
 .debug_str     0x00000000      0x12a HAL/GRAPH_LCD/GRAPH_LCD.o
 .comment       0x00000000       0x31 HAL/GRAPH_LCD/GRAPH_LCD.o
 .text          0x00000000        0x0 HAL/LCD/LCD.o
 .data          0x00000000        0x0 HAL/LCD/LCD.o
 .bss           0x00000000        0x0 HAL/LCD/LCD.o
 .bss.timer2_operation_mode
                0x00000000        0x1 HAL/LCD/LCD.o
 .bss.timer1_operation_mode
                0x00000000        0x1 HAL/LCD/LCD.o
 .bss.timer0_operation_mode
                0x00000000        0x1 HAL/LCD/LCD.o
 .bss.timer2_delayTimeMs
                0x00000000        0x4 HAL/LCD/LCD.o
 .bss.timer1_delayTimeMs
                0x00000000        0x4 HAL/LCD/LCD.o
 .bss.timer0_delayTimeMs
                0x00000000        0x4 HAL/LCD/LCD.o
 .bss.timer2_prescaler
                0x00000000        0x1 HAL/LCD/LCD.o
 .bss.timer1_prescaler
                0x00000000        0x1 HAL/LCD/LCD.o
 .bss.timer0_prescaler
                0x00000000        0x1 HAL/LCD/LCD.o
 .text          0x00000000        0x0 MCAL/CONFIG/Helper_Functions.o
 .data          0x00000000        0x0 MCAL/CONFIG/Helper_Functions.o
 .bss           0x00000000        0x0 MCAL/CONFIG/Helper_Functions.o
 .bss.timer2_operation_mode
                0x00000000        0x1 MCAL/CONFIG/Helper_Functions.o
 .bss.timer1_operation_mode
                0x00000000        0x1 MCAL/CONFIG/Helper_Functions.o
 .bss.timer0_operation_mode
                0x00000000        0x1 MCAL/CONFIG/Helper_Functions.o
 .bss.timer2_delayTimeMs
                0x00000000        0x4 MCAL/CONFIG/Helper_Functions.o
 .bss.timer1_delayTimeMs
                0x00000000        0x4 MCAL/CONFIG/Helper_Functions.o
 .bss.timer0_delayTimeMs
                0x00000000        0x4 MCAL/CONFIG/Helper_Functions.o
 .bss.timer2_prescaler
                0x00000000        0x1 MCAL/CONFIG/Helper_Functions.o
 .bss.timer1_prescaler
                0x00000000        0x1 MCAL/CONFIG/Helper_Functions.o
 .bss.timer0_prescaler
                0x00000000        0x1 MCAL/CONFIG/Helper_Functions.o
 .text          0x00000000        0x0 MCAL/DIO/DIO.o
 .data          0x00000000        0x0 MCAL/DIO/DIO.o
 .bss           0x00000000        0x0 MCAL/DIO/DIO.o
 .text.DIO_GET_PIN_VAL
                0x00000000       0x5c MCAL/DIO/DIO.o
 .text.DIO_TGL_PIN_VAL
                0x00000000       0x68 MCAL/DIO/DIO.o
 .text.DIO_SET_PIN_PULLUP
                0x00000000       0x68 MCAL/DIO/DIO.o
 .bss.timer2_operation_mode
                0x00000000        0x1 MCAL/DIO/DIO.o
 .bss.timer1_operation_mode
                0x00000000        0x1 MCAL/DIO/DIO.o
 .bss.timer0_operation_mode
                0x00000000        0x1 MCAL/DIO/DIO.o
 .bss.timer2_delayTimeMs
                0x00000000        0x4 MCAL/DIO/DIO.o
 .bss.timer1_delayTimeMs
                0x00000000        0x4 MCAL/DIO/DIO.o
 .bss.timer0_delayTimeMs
                0x00000000        0x4 MCAL/DIO/DIO.o
 .bss.timer2_prescaler
                0x00000000        0x1 MCAL/DIO/DIO.o
 .bss.timer1_prescaler
                0x00000000        0x1 MCAL/DIO/DIO.o
 .bss.timer0_prescaler
                0x00000000        0x1 MCAL/DIO/DIO.o
 .text          0x00000000        0x0 MCAL/EXT_INT/EXT_INT.o
 .data          0x00000000        0x0 MCAL/EXT_INT/EXT_INT.o
 .bss           0x00000000        0x0 MCAL/EXT_INT/EXT_INT.o
 .text.EXT_INT_INIT
                0x00000000       0xce MCAL/EXT_INT/EXT_INT.o
 .bss.timer2_operation_mode
                0x00000000        0x1 MCAL/EXT_INT/EXT_INT.o
 .bss.timer1_operation_mode
                0x00000000        0x1 MCAL/EXT_INT/EXT_INT.o
 .bss.timer0_operation_mode
                0x00000000        0x1 MCAL/EXT_INT/EXT_INT.o
 .bss.timer2_delayTimeMs
                0x00000000        0x4 MCAL/EXT_INT/EXT_INT.o
 .bss.timer1_delayTimeMs
                0x00000000        0x4 MCAL/EXT_INT/EXT_INT.o
 .bss.timer0_delayTimeMs
                0x00000000        0x4 MCAL/EXT_INT/EXT_INT.o
 .bss.timer2_prescaler
                0x00000000        0x1 MCAL/EXT_INT/EXT_INT.o
 .bss.timer1_prescaler
                0x00000000        0x1 MCAL/EXT_INT/EXT_INT.o
 .bss.timer0_prescaler
                0x00000000        0x1 MCAL/EXT_INT/EXT_INT.o
 .debug_info    0x00000000      0x218 MCAL/EXT_INT/EXT_INT.o
 .debug_abbrev  0x00000000       0xbe MCAL/EXT_INT/EXT_INT.o
 .debug_loc     0x00000000       0x53 MCAL/EXT_INT/EXT_INT.o
 .debug_aranges
                0x00000000       0x20 MCAL/EXT_INT/EXT_INT.o
 .debug_ranges  0x00000000       0x10 MCAL/EXT_INT/EXT_INT.o
 .debug_line    0x00000000      0x185 MCAL/EXT_INT/EXT_INT.o
 .debug_str     0x00000000      0x359 MCAL/EXT_INT/EXT_INT.o
 .comment       0x00000000       0x31 MCAL/EXT_INT/EXT_INT.o
 .debug_frame   0x00000000       0x24 MCAL/EXT_INT/EXT_INT.o
 .text          0x00000000        0x0 MCAL/TIMER/TIMER.o
 .data          0x00000000        0x0 MCAL/TIMER/TIMER.o
 .bss           0x00000000        0x0 MCAL/TIMER/TIMER.o
 .text.TIMER_DELAYms_SYNCHRONOUS
                0x00000000       0xcc MCAL/TIMER/TIMER.o
 .text.TIMER_DELAYms_ASYNCHRONOUS
                0x00000000       0x9e MCAL/TIMER/TIMER.o
 .text.TIMER_STOP_PWM
                0x00000000       0x24 MCAL/TIMER/TIMER.o
 .text          0x00000000        0x0 MCAL/WDT/WDT.o
 .data          0x00000000        0x0 MCAL/WDT/WDT.o
 .bss           0x00000000        0x0 MCAL/WDT/WDT.o
 .text.WDT_Initialize
                0x00000000        0xe MCAL/WDT/WDT.o
 .text.WDT_Start
                0x00000000       0x14 MCAL/WDT/WDT.o
 .text.WDT_Refresh
                0x00000000        0x4 MCAL/WDT/WDT.o
 .bss.timer2_operation_mode
                0x00000000        0x1 MCAL/WDT/WDT.o
 .bss.timer1_operation_mode
                0x00000000        0x1 MCAL/WDT/WDT.o
 .bss.timer0_operation_mode
                0x00000000        0x1 MCAL/WDT/WDT.o
 .bss.timer2_delayTimeMs
                0x00000000        0x4 MCAL/WDT/WDT.o
 .bss.timer1_delayTimeMs
                0x00000000        0x4 MCAL/WDT/WDT.o
 .bss.timer0_delayTimeMs
                0x00000000        0x4 MCAL/WDT/WDT.o
 .bss.timer2_prescaler
                0x00000000        0x1 MCAL/WDT/WDT.o
 .bss.timer1_prescaler
                0x00000000        0x1 MCAL/WDT/WDT.o
 .bss.timer0_prescaler
                0x00000000        0x1 MCAL/WDT/WDT.o
 .debug_info    0x00000000      0x28d MCAL/WDT/WDT.o
 .debug_abbrev  0x00000000       0xc7 MCAL/WDT/WDT.o
 .debug_loc     0x00000000       0x42 MCAL/WDT/WDT.o
 .debug_aranges
                0x00000000       0x30 MCAL/WDT/WDT.o
 .debug_ranges  0x00000000       0x20 MCAL/WDT/WDT.o
 .debug_line    0x00000000      0x109 MCAL/WDT/WDT.o
 .debug_str     0x00000000      0x3f2 MCAL/WDT/WDT.o
 .comment       0x00000000       0x31 MCAL/WDT/WDT.o
 .debug_frame   0x00000000       0x44 MCAL/WDT/WDT.o
 .text          0x00000000        0x0 c:/program files (x86)/atmel/studio/7.0/toolchain/avr8/avr8-gnu-toolchain/bin/../lib/gcc/avr/5.4.0/../../../../avr/lib/avr5\libm.a(divsf3.o)
 .data          0x00000000        0x0 c:/program files (x86)/atmel/studio/7.0/toolchain/avr8/avr8-gnu-toolchain/bin/../lib/gcc/avr/5.4.0/../../../../avr/lib/avr5\libm.a(divsf3.o)
 .bss           0x00000000        0x0 c:/program files (x86)/atmel/studio/7.0/toolchain/avr8/avr8-gnu-toolchain/bin/../lib/gcc/avr/5.4.0/../../../../avr/lib/avr5\libm.a(divsf3.o)
 .text          0x00000000        0x0 c:/program files (x86)/atmel/studio/7.0/toolchain/avr8/avr8-gnu-toolchain/bin/../lib/gcc/avr/5.4.0/../../../../avr/lib/avr5\libm.a(divsf3x.o)
 .data          0x00000000        0x0 c:/program files (x86)/atmel/studio/7.0/toolchain/avr8/avr8-gnu-toolchain/bin/../lib/gcc/avr/5.4.0/../../../../avr/lib/avr5\libm.a(divsf3x.o)
 .bss           0x00000000        0x0 c:/program files (x86)/atmel/studio/7.0/toolchain/avr8/avr8-gnu-toolchain/bin/../lib/gcc/avr/5.4.0/../../../../avr/lib/avr5\libm.a(divsf3x.o)
 .text          0x00000000        0x0 c:/program files (x86)/atmel/studio/7.0/toolchain/avr8/avr8-gnu-toolchain/bin/../lib/gcc/avr/5.4.0/../../../../avr/lib/avr5\libm.a(fixunssfsi.o)
 .data          0x00000000        0x0 c:/program files (x86)/atmel/studio/7.0/toolchain/avr8/avr8-gnu-toolchain/bin/../lib/gcc/avr/5.4.0/../../../../avr/lib/avr5\libm.a(fixunssfsi.o)
 .bss           0x00000000        0x0 c:/program files (x86)/atmel/studio/7.0/toolchain/avr8/avr8-gnu-toolchain/bin/../lib/gcc/avr/5.4.0/../../../../avr/lib/avr5\libm.a(fixunssfsi.o)
 .text          0x00000000        0x0 c:/program files (x86)/atmel/studio/7.0/toolchain/avr8/avr8-gnu-toolchain/bin/../lib/gcc/avr/5.4.0/../../../../avr/lib/avr5\libm.a(floatsisf.o)
 .data          0x00000000        0x0 c:/program files (x86)/atmel/studio/7.0/toolchain/avr8/avr8-gnu-toolchain/bin/../lib/gcc/avr/5.4.0/../../../../avr/lib/avr5\libm.a(floatsisf.o)
 .bss           0x00000000        0x0 c:/program files (x86)/atmel/studio/7.0/toolchain/avr8/avr8-gnu-toolchain/bin/../lib/gcc/avr/5.4.0/../../../../avr/lib/avr5\libm.a(floatsisf.o)
 .text          0x00000000        0x0 c:/program files (x86)/atmel/studio/7.0/toolchain/avr8/avr8-gnu-toolchain/bin/../lib/gcc/avr/5.4.0/../../../../avr/lib/avr5\libm.a(fp_inf.o)
 .data          0x00000000        0x0 c:/program files (x86)/atmel/studio/7.0/toolchain/avr8/avr8-gnu-toolchain/bin/../lib/gcc/avr/5.4.0/../../../../avr/lib/avr5\libm.a(fp_inf.o)
 .bss           0x00000000        0x0 c:/program files (x86)/atmel/studio/7.0/toolchain/avr8/avr8-gnu-toolchain/bin/../lib/gcc/avr/5.4.0/../../../../avr/lib/avr5\libm.a(fp_inf.o)
 .text          0x00000000        0x0 c:/program files (x86)/atmel/studio/7.0/toolchain/avr8/avr8-gnu-toolchain/bin/../lib/gcc/avr/5.4.0/../../../../avr/lib/avr5\libm.a(fp_nan.o)
 .data          0x00000000        0x0 c:/program files (x86)/atmel/studio/7.0/toolchain/avr8/avr8-gnu-toolchain/bin/../lib/gcc/avr/5.4.0/../../../../avr/lib/avr5\libm.a(fp_nan.o)
 .bss           0x00000000        0x0 c:/program files (x86)/atmel/studio/7.0/toolchain/avr8/avr8-gnu-toolchain/bin/../lib/gcc/avr/5.4.0/../../../../avr/lib/avr5\libm.a(fp_nan.o)
 .text          0x00000000        0x0 c:/program files (x86)/atmel/studio/7.0/toolchain/avr8/avr8-gnu-toolchain/bin/../lib/gcc/avr/5.4.0/../../../../avr/lib/avr5\libm.a(fp_pscA.o)
 .data          0x00000000        0x0 c:/program files (x86)/atmel/studio/7.0/toolchain/avr8/avr8-gnu-toolchain/bin/../lib/gcc/avr/5.4.0/../../../../avr/lib/avr5\libm.a(fp_pscA.o)
 .bss           0x00000000        0x0 c:/program files (x86)/atmel/studio/7.0/toolchain/avr8/avr8-gnu-toolchain/bin/../lib/gcc/avr/5.4.0/../../../../avr/lib/avr5\libm.a(fp_pscA.o)
 .text          0x00000000        0x0 c:/program files (x86)/atmel/studio/7.0/toolchain/avr8/avr8-gnu-toolchain/bin/../lib/gcc/avr/5.4.0/../../../../avr/lib/avr5\libm.a(fp_pscB.o)
 .data          0x00000000        0x0 c:/program files (x86)/atmel/studio/7.0/toolchain/avr8/avr8-gnu-toolchain/bin/../lib/gcc/avr/5.4.0/../../../../avr/lib/avr5\libm.a(fp_pscB.o)
 .bss           0x00000000        0x0 c:/program files (x86)/atmel/studio/7.0/toolchain/avr8/avr8-gnu-toolchain/bin/../lib/gcc/avr/5.4.0/../../../../avr/lib/avr5\libm.a(fp_pscB.o)
 .text          0x00000000        0x0 c:/program files (x86)/atmel/studio/7.0/toolchain/avr8/avr8-gnu-toolchain/bin/../lib/gcc/avr/5.4.0/../../../../avr/lib/avr5\libm.a(fp_round.o)
 .data          0x00000000        0x0 c:/program files (x86)/atmel/studio/7.0/toolchain/avr8/avr8-gnu-toolchain/bin/../lib/gcc/avr/5.4.0/../../../../avr/lib/avr5\libm.a(fp_round.o)
 .bss           0x00000000        0x0 c:/program files (x86)/atmel/studio/7.0/toolchain/avr8/avr8-gnu-toolchain/bin/../lib/gcc/avr/5.4.0/../../../../avr/lib/avr5\libm.a(fp_round.o)
 .text          0x00000000        0x0 c:/program files (x86)/atmel/studio/7.0/toolchain/avr8/avr8-gnu-toolchain/bin/../lib/gcc/avr/5.4.0/../../../../avr/lib/avr5\libm.a(fp_split3.o)
 .data          0x00000000        0x0 c:/program files (x86)/atmel/studio/7.0/toolchain/avr8/avr8-gnu-toolchain/bin/../lib/gcc/avr/5.4.0/../../../../avr/lib/avr5\libm.a(fp_split3.o)
 .bss           0x00000000        0x0 c:/program files (x86)/atmel/studio/7.0/toolchain/avr8/avr8-gnu-toolchain/bin/../lib/gcc/avr/5.4.0/../../../../avr/lib/avr5\libm.a(fp_split3.o)
 .text          0x00000000        0x0 c:/program files (x86)/atmel/studio/7.0/toolchain/avr8/avr8-gnu-toolchain/bin/../lib/gcc/avr/5.4.0/../../../../avr/lib/avr5\libm.a(fp_zero.o)
 .data          0x00000000        0x0 c:/program files (x86)/atmel/studio/7.0/toolchain/avr8/avr8-gnu-toolchain/bin/../lib/gcc/avr/5.4.0/../../../../avr/lib/avr5\libm.a(fp_zero.o)
 .bss           0x00000000        0x0 c:/program files (x86)/atmel/studio/7.0/toolchain/avr8/avr8-gnu-toolchain/bin/../lib/gcc/avr/5.4.0/../../../../avr/lib/avr5\libm.a(fp_zero.o)
 .text          0x00000000        0x0 c:/program files (x86)/atmel/studio/7.0/toolchain/avr8/avr8-gnu-toolchain/bin/../lib/gcc/avr/5.4.0/../../../../avr/lib/avr5\libm.a(mulsf3.o)
 .data          0x00000000        0x0 c:/program files (x86)/atmel/studio/7.0/toolchain/avr8/avr8-gnu-toolchain/bin/../lib/gcc/avr/5.4.0/../../../../avr/lib/avr5\libm.a(mulsf3.o)
 .bss           0x00000000        0x0 c:/program files (x86)/atmel/studio/7.0/toolchain/avr8/avr8-gnu-toolchain/bin/../lib/gcc/avr/5.4.0/../../../../avr/lib/avr5\libm.a(mulsf3.o)
 .text          0x00000000        0x0 c:/program files (x86)/atmel/studio/7.0/toolchain/avr8/avr8-gnu-toolchain/bin/../lib/gcc/avr/5.4.0/../../../../avr/lib/avr5\libm.a(mulsf3x.o)
 .data          0x00000000        0x0 c:/program files (x86)/atmel/studio/7.0/toolchain/avr8/avr8-gnu-toolchain/bin/../lib/gcc/avr/5.4.0/../../../../avr/lib/avr5\libm.a(mulsf3x.o)
 .bss           0x00000000        0x0 c:/program files (x86)/atmel/studio/7.0/toolchain/avr8/avr8-gnu-toolchain/bin/../lib/gcc/avr/5.4.0/../../../../avr/lib/avr5\libm.a(mulsf3x.o)
 .text          0x00000000        0x0 c:/program files (x86)/atmel/studio/7.0/toolchain/avr8/avr8-gnu-toolchain/bin/../lib/gcc/avr/5.4.0/avr5\libgcc.a(_udivmodsi4.o)
 .data          0x00000000        0x0 c:/program files (x86)/atmel/studio/7.0/toolchain/avr8/avr8-gnu-toolchain/bin/../lib/gcc/avr/5.4.0/avr5\libgcc.a(_udivmodsi4.o)
 .bss           0x00000000        0x0 c:/program files (x86)/atmel/studio/7.0/toolchain/avr8/avr8-gnu-toolchain/bin/../lib/gcc/avr/5.4.0/avr5\libgcc.a(_udivmodsi4.o)
 .text.libgcc.mul
                0x00000000        0x0 c:/program files (x86)/atmel/studio/7.0/toolchain/avr8/avr8-gnu-toolchain/bin/../lib/gcc/avr/5.4.0/avr5\libgcc.a(_udivmodsi4.o)
 .text.libgcc   0x00000000        0x0 c:/program files (x86)/atmel/studio/7.0/toolchain/avr8/avr8-gnu-toolchain/bin/../lib/gcc/avr/5.4.0/avr5\libgcc.a(_udivmodsi4.o)
 .text.libgcc.prologue
                0x00000000        0x0 c:/program files (x86)/atmel/studio/7.0/toolchain/avr8/avr8-gnu-toolchain/bin/../lib/gcc/avr/5.4.0/avr5\libgcc.a(_udivmodsi4.o)
 .text.libgcc.builtins
                0x00000000        0x0 c:/program files (x86)/atmel/studio/7.0/toolchain/avr8/avr8-gnu-toolchain/bin/../lib/gcc/avr/5.4.0/avr5\libgcc.a(_udivmodsi4.o)
 .text.libgcc.fmul
                0x00000000        0x0 c:/program files (x86)/atmel/studio/7.0/toolchain/avr8/avr8-gnu-toolchain/bin/../lib/gcc/avr/5.4.0/avr5\libgcc.a(_udivmodsi4.o)
 .text.libgcc.fixed
                0x00000000        0x0 c:/program files (x86)/atmel/studio/7.0/toolchain/avr8/avr8-gnu-toolchain/bin/../lib/gcc/avr/5.4.0/avr5\libgcc.a(_udivmodsi4.o)
 .text          0x00000000        0x0 c:/program files (x86)/atmel/studio/7.0/toolchain/avr8/avr8-gnu-toolchain/bin/../lib/gcc/avr/5.4.0/avr5\libgcc.a(_exit.o)
 .data          0x00000000        0x0 c:/program files (x86)/atmel/studio/7.0/toolchain/avr8/avr8-gnu-toolchain/bin/../lib/gcc/avr/5.4.0/avr5\libgcc.a(_exit.o)
 .bss           0x00000000        0x0 c:/program files (x86)/atmel/studio/7.0/toolchain/avr8/avr8-gnu-toolchain/bin/../lib/gcc/avr/5.4.0/avr5\libgcc.a(_exit.o)
 .text.libgcc.mul
                0x00000000        0x0 c:/program files (x86)/atmel/studio/7.0/toolchain/avr8/avr8-gnu-toolchain/bin/../lib/gcc/avr/5.4.0/avr5\libgcc.a(_exit.o)
 .text.libgcc.div
                0x00000000        0x0 c:/program files (x86)/atmel/studio/7.0/toolchain/avr8/avr8-gnu-toolchain/bin/../lib/gcc/avr/5.4.0/avr5\libgcc.a(_exit.o)
 .text.libgcc   0x00000000        0x0 c:/program files (x86)/atmel/studio/7.0/toolchain/avr8/avr8-gnu-toolchain/bin/../lib/gcc/avr/5.4.0/avr5\libgcc.a(_exit.o)
 .text.libgcc.prologue
                0x00000000        0x0 c:/program files (x86)/atmel/studio/7.0/toolchain/avr8/avr8-gnu-toolchain/bin/../lib/gcc/avr/5.4.0/avr5\libgcc.a(_exit.o)
 .text.libgcc.builtins
                0x00000000        0x0 c:/program files (x86)/atmel/studio/7.0/toolchain/avr8/avr8-gnu-toolchain/bin/../lib/gcc/avr/5.4.0/avr5\libgcc.a(_exit.o)
 .text.libgcc.fmul
                0x00000000        0x0 c:/program files (x86)/atmel/studio/7.0/toolchain/avr8/avr8-gnu-toolchain/bin/../lib/gcc/avr/5.4.0/avr5\libgcc.a(_exit.o)
 .text.libgcc.fixed
                0x00000000        0x0 c:/program files (x86)/atmel/studio/7.0/toolchain/avr8/avr8-gnu-toolchain/bin/../lib/gcc/avr/5.4.0/avr5\libgcc.a(_exit.o)
 .text          0x00000000        0x0 c:/program files (x86)/atmel/studio/7.0/toolchain/avr8/avr8-gnu-toolchain/bin/../lib/gcc/avr/5.4.0/avr5\libgcc.a(_copy_data.o)
 .data          0x00000000        0x0 c:/program files (x86)/atmel/studio/7.0/toolchain/avr8/avr8-gnu-toolchain/bin/../lib/gcc/avr/5.4.0/avr5\libgcc.a(_copy_data.o)
 .bss           0x00000000        0x0 c:/program files (x86)/atmel/studio/7.0/toolchain/avr8/avr8-gnu-toolchain/bin/../lib/gcc/avr/5.4.0/avr5\libgcc.a(_copy_data.o)
 .text.libgcc.mul
                0x00000000        0x0 c:/program files (x86)/atmel/studio/7.0/toolchain/avr8/avr8-gnu-toolchain/bin/../lib/gcc/avr/5.4.0/avr5\libgcc.a(_copy_data.o)
 .text.libgcc.div
                0x00000000        0x0 c:/program files (x86)/atmel/studio/7.0/toolchain/avr8/avr8-gnu-toolchain/bin/../lib/gcc/avr/5.4.0/avr5\libgcc.a(_copy_data.o)
 .text.libgcc   0x00000000        0x0 c:/program files (x86)/atmel/studio/7.0/toolchain/avr8/avr8-gnu-toolchain/bin/../lib/gcc/avr/5.4.0/avr5\libgcc.a(_copy_data.o)
 .text.libgcc.prologue
                0x00000000        0x0 c:/program files (x86)/atmel/studio/7.0/toolchain/avr8/avr8-gnu-toolchain/bin/../lib/gcc/avr/5.4.0/avr5\libgcc.a(_copy_data.o)
 .text.libgcc.builtins
                0x00000000        0x0 c:/program files (x86)/atmel/studio/7.0/toolchain/avr8/avr8-gnu-toolchain/bin/../lib/gcc/avr/5.4.0/avr5\libgcc.a(_copy_data.o)
 .text.libgcc.fmul
                0x00000000        0x0 c:/program files (x86)/atmel/studio/7.0/toolchain/avr8/avr8-gnu-toolchain/bin/../lib/gcc/avr/5.4.0/avr5\libgcc.a(_copy_data.o)
 .text.libgcc.fixed
                0x00000000        0x0 c:/program files (x86)/atmel/studio/7.0/toolchain/avr8/avr8-gnu-toolchain/bin/../lib/gcc/avr/5.4.0/avr5\libgcc.a(_copy_data.o)
 .text          0x00000000        0x0 c:/program files (x86)/atmel/studio/7.0/toolchain/avr8/avr8-gnu-toolchain/bin/../lib/gcc/avr/5.4.0/avr5\libgcc.a(_clear_bss.o)
 .data          0x00000000        0x0 c:/program files (x86)/atmel/studio/7.0/toolchain/avr8/avr8-gnu-toolchain/bin/../lib/gcc/avr/5.4.0/avr5\libgcc.a(_clear_bss.o)
 .bss           0x00000000        0x0 c:/program files (x86)/atmel/studio/7.0/toolchain/avr8/avr8-gnu-toolchain/bin/../lib/gcc/avr/5.4.0/avr5\libgcc.a(_clear_bss.o)
 .text.libgcc.mul
                0x00000000        0x0 c:/program files (x86)/atmel/studio/7.0/toolchain/avr8/avr8-gnu-toolchain/bin/../lib/gcc/avr/5.4.0/avr5\libgcc.a(_clear_bss.o)
 .text.libgcc.div
                0x00000000        0x0 c:/program files (x86)/atmel/studio/7.0/toolchain/avr8/avr8-gnu-toolchain/bin/../lib/gcc/avr/5.4.0/avr5\libgcc.a(_clear_bss.o)
 .text.libgcc   0x00000000        0x0 c:/program files (x86)/atmel/studio/7.0/toolchain/avr8/avr8-gnu-toolchain/bin/../lib/gcc/avr/5.4.0/avr5\libgcc.a(_clear_bss.o)
 .text.libgcc.prologue
                0x00000000        0x0 c:/program files (x86)/atmel/studio/7.0/toolchain/avr8/avr8-gnu-toolchain/bin/../lib/gcc/avr/5.4.0/avr5\libgcc.a(_clear_bss.o)
 .text.libgcc.builtins
                0x00000000        0x0 c:/program files (x86)/atmel/studio/7.0/toolchain/avr8/avr8-gnu-toolchain/bin/../lib/gcc/avr/5.4.0/avr5\libgcc.a(_clear_bss.o)
 .text.libgcc.fmul
                0x00000000        0x0 c:/program files (x86)/atmel/studio/7.0/toolchain/avr8/avr8-gnu-toolchain/bin/../lib/gcc/avr/5.4.0/avr5\libgcc.a(_clear_bss.o)
 .text.libgcc.fixed
                0x00000000        0x0 c:/program files (x86)/atmel/studio/7.0/toolchain/avr8/avr8-gnu-toolchain/bin/../lib/gcc/avr/5.4.0/avr5\libgcc.a(_clear_bss.o)
 .text          0x00000000        0x0 c:/program files (x86)/atmel/studio/7.0/toolchain/avr8/avr8-gnu-toolchain/bin/../lib/gcc/avr/5.4.0/avr5\libgcc.a(_umulhisi3.o)
 .data          0x00000000        0x0 c:/program files (x86)/atmel/studio/7.0/toolchain/avr8/avr8-gnu-toolchain/bin/../lib/gcc/avr/5.4.0/avr5\libgcc.a(_umulhisi3.o)
 .bss           0x00000000        0x0 c:/program files (x86)/atmel/studio/7.0/toolchain/avr8/avr8-gnu-toolchain/bin/../lib/gcc/avr/5.4.0/avr5\libgcc.a(_umulhisi3.o)
 .text.libgcc.div
                0x00000000        0x0 c:/program files (x86)/atmel/studio/7.0/toolchain/avr8/avr8-gnu-toolchain/bin/../lib/gcc/avr/5.4.0/avr5\libgcc.a(_umulhisi3.o)
 .text.libgcc   0x00000000        0x0 c:/program files (x86)/atmel/studio/7.0/toolchain/avr8/avr8-gnu-toolchain/bin/../lib/gcc/avr/5.4.0/avr5\libgcc.a(_umulhisi3.o)
 .text.libgcc.prologue
                0x00000000        0x0 c:/program files (x86)/atmel/studio/7.0/toolchain/avr8/avr8-gnu-toolchain/bin/../lib/gcc/avr/5.4.0/avr5\libgcc.a(_umulhisi3.o)
 .text.libgcc.builtins
                0x00000000        0x0 c:/program files (x86)/atmel/studio/7.0/toolchain/avr8/avr8-gnu-toolchain/bin/../lib/gcc/avr/5.4.0/avr5\libgcc.a(_umulhisi3.o)
 .text.libgcc.fmul
                0x00000000        0x0 c:/program files (x86)/atmel/studio/7.0/toolchain/avr8/avr8-gnu-toolchain/bin/../lib/gcc/avr/5.4.0/avr5\libgcc.a(_umulhisi3.o)
 .text.libgcc.fixed
                0x00000000        0x0 c:/program files (x86)/atmel/studio/7.0/toolchain/avr8/avr8-gnu-toolchain/bin/../lib/gcc/avr/5.4.0/avr5\libgcc.a(_umulhisi3.o)

Memory Configuration

Name             Origin             Length             Attributes
text             0x00000000         0x00008000         xr
data             0x00800060         0x00000800         rw !x
eeprom           0x00810000         0x00000400         rw !x
fuse             0x00820000         0x00000002         rw !x
lock             0x00830000         0x00000400         rw !x
signature        0x00840000         0x00000400         rw !x
user_signatures  0x00850000         0x00000400         rw !x
*default*        0x00000000         0xffffffff

Linker script and memory map

LOAD C:/Program Files (x86)/Atmel/Studio/7.0/Packs/atmel/ATmega_DFP/1.7.374/gcc/dev/atmega32/avr5/crtatmega32.o
LOAD APP/main.o
LOAD HAL/GRAPH_LCD/GRAPH_LCD.o
LOAD HAL/LCD/LCD.o
LOAD MCAL/CONFIG/Helper_Functions.o
LOAD MCAL/DIO/DIO.o
LOAD MCAL/EXT_INT/EXT_INT.o
LOAD MCAL/TIMER/TIMER.o
LOAD MCAL/WDT/WDT.o
START GROUP
LOAD c:/program files (x86)/atmel/studio/7.0/toolchain/avr8/avr8-gnu-toolchain/bin/../lib/gcc/avr/5.4.0/../../../../avr/lib/avr5\libm.a
END GROUP
START GROUP
LOAD c:/program files (x86)/atmel/studio/7.0/toolchain/avr8/avr8-gnu-toolchain/bin/../lib/gcc/avr/5.4.0/avr5\libgcc.a
LOAD c:/program files (x86)/atmel/studio/7.0/toolchain/avr8/avr8-gnu-toolchain/bin/../lib/gcc/avr/5.4.0/../../../../avr/lib/avr5\libm.a
LOAD c:/program files (x86)/atmel/studio/7.0/toolchain/avr8/avr8-gnu-toolchain/bin/../lib/gcc/avr/5.4.0/../../../../avr/lib/avr5\libc.a
LOAD C:/Program Files (x86)/Atmel/Studio/7.0/Packs/atmel/ATmega_DFP/1.7.374/gcc/dev/atmega32/avr5\libatmega32.a
END GROUP
                0x00000000                __TEXT_REGION_ORIGIN__ = DEFINED (__TEXT_REGION_ORIGIN__)?__TEXT_REGION_ORIGIN__:0x0
                [0x00800060]                __DATA_REGION_ORIGIN__ = DEFINED (__DATA_REGION_ORIGIN__)?__DATA_REGION_ORIGIN__:0x800060
                [0x00008000]                __TEXT_REGION_LENGTH__ = DEFINED (__TEXT_REGION_LENGTH__)?__TEXT_REGION_LENGTH__:0x20000
                [0x00000800]                __DATA_REGION_LENGTH__ = DEFINED (__DATA_REGION_LENGTH__)?__DATA_REGION_LENGTH__:0xffa0
                [0x00000400]                __EEPROM_REGION_LENGTH__ = DEFINED (__EEPROM_REGION_LENGTH__)?__EEPROM_REGION_LENGTH__:0x10000
                [0x00000002]                __FUSE_REGION_LENGTH__ = DEFINED (__FUSE_REGION_LENGTH__)?__FUSE_REGION_LENGTH__:0x400
                0x00000400                __LOCK_REGION_LENGTH__ = DEFINED (__LOCK_REGION_LENGTH__)?__LOCK_REGION_LENGTH__:0x400
                0x00000400                __SIGNATURE_REGION_LENGTH__ = DEFINED (__SIGNATURE_REGION_LENGTH__)?__SIGNATURE_REGION_LENGTH__:0x400
                0x00000400                __USER_SIGNATURE_REGION_LENGTH__ = DEFINED (__USER_SIGNATURE_REGION_LENGTH__)?__USER_SIGNATURE_REGION_LENGTH__:0x400

.hash
 *(.hash)

.dynsym
 *(.dynsym)

.dynstr
 *(.dynstr)

.gnu.version
 *(.gnu.version)

.gnu.version_d
 *(.gnu.version_d)

.gnu.version_r
 *(.gnu.version_r)

.rel.init
 *(.rel.init)

.rela.init
 *(.rela.init)

.rel.text
 *(.rel.text)
 *(.rel.text.*)
 *(.rel.gnu.linkonce.t*)

.rela.text
 *(.rela.text)
 *(.rela.text.*)
 *(.rela.gnu.linkonce.t*)

.rel.fini
 *(.rel.fini)

.rela.fini
 *(.rela.fini)

.rel.rodata
 *(.rel.rodata)
 *(.rel.rodata.*)
 *(.rel.gnu.linkonce.r*)

.rela.rodata
 *(.rela.rodata)
 *(.rela.rodata.*)
 *(.rela.gnu.linkonce.r*)

.rel.data
 *(.rel.data)
 *(.rel.data.*)
 *(.rel.gnu.linkonce.d*)

.rela.data
 *(.rela.data)
 *(.rela.data.*)
 *(.rela.gnu.linkonce.d*)

.rel.ctors
 *(.rel.ctors)

.rela.ctors
 *(.rela.ctors)

.rel.dtors
 *(.rel.dtors)

.rela.dtors
 *(.rela.dtors)

.rel.got
 *(.rel.got)

.rela.got
 *(.rela.got)

.rel.bss
 *(.rel.bss)

.rela.bss
 *(.rela.bss)

.rel.plt
 *(.rel.plt)

.rela.plt
 *(.rela.plt)

.text           0x00000000      0xe92
 *(.vectors)
 .vectors       0x00000000       0x54 C:/Program Files (x86)/Atmel/Studio/7.0/Packs/atmel/ATmega_DFP/1.7.374/gcc/dev/atmega32/avr5/crtatmega32.o
                0x00000000                __vector_default
                0x00000000                __vectors
 *(.vectors)
 *(.progmem.gcc*)
                0x00000054                . = ALIGN (0x2)
                0x00000054                __trampolines_start = .
 *(.trampolines)
 .trampolines   0x00000054        0x0 linker stubs
 *(.trampolines*)
                0x00000054                __trampolines_end = .
 *libprintf_flt.a:*(.progmem.data)
 *libc.a:*(.progmem.data)
 *(.progmem*)
                0x00000054                . = ALIGN (0x2)
 *(.jumptables)
 *(.jumptables*)
 *(.lowtext)
 *(.lowtext*)
                0x00000054                __ctors_start = .
 *(.ctors)
                0x00000054                __ctors_end = .
                0x00000054                __dtors_start = .
 *(.dtors)
                0x00000054                __dtors_end = .
 SORT(*)(.ctors)
 SORT(*)(.dtors)
 *(.init0)
 .init0         0x00000054        0x0 C:/Program Files (x86)/Atmel/Studio/7.0/Packs/atmel/ATmega_DFP/1.7.374/gcc/dev/atmega32/avr5/crtatmega32.o
                0x00000054                __init
 *(.init0)
 *(.init1)
 *(.init1)
 *(.init2)
 .init2         0x00000054        0xc C:/Program Files (x86)/Atmel/Studio/7.0/Packs/atmel/ATmega_DFP/1.7.374/gcc/dev/atmega32/avr5/crtatmega32.o
 *(.init2)
 *(.init3)
 *(.init3)
 *(.init4)
 .init4         0x00000060       0x16 c:/program files (x86)/atmel/studio/7.0/toolchain/avr8/avr8-gnu-toolchain/bin/../lib/gcc/avr/5.4.0/avr5\libgcc.a(_copy_data.o)
                0x00000060                __do_copy_data
 .init4         0x00000076       0x10 c:/program files (x86)/atmel/studio/7.0/toolchain/avr8/avr8-gnu-toolchain/bin/../lib/gcc/avr/5.4.0/avr5\libgcc.a(_clear_bss.o)
                0x00000076                __do_clear_bss
 *(.init4)
 *(.init5)
 *(.init5)
 *(.init6)
 *(.init6)
 *(.init7)
 *(.init7)
 *(.init8)
 *(.init8)
 *(.init9)
 .init9         0x00000086        0x8 C:/Program Files (x86)/Atmel/Studio/7.0/Packs/atmel/ATmega_DFP/1.7.374/gcc/dev/atmega32/avr5/crtatmega32.o
 *(.init9)
 *(.text)
 .text          0x0000008e        0x4 C:/Program Files (x86)/Atmel/Studio/7.0/Packs/atmel/ATmega_DFP/1.7.374/gcc/dev/atmega32/avr5/crtatmega32.o
                0x0000008e                __vector_12
                0x0000008e                __bad_interrupt
                0x0000008e                __vector_6
                0x0000008e                __vector_3
                0x0000008e                __vector_11
                0x0000008e                __vector_13
                0x0000008e                __vector_17
                0x0000008e                __vector_19
                0x0000008e                __vector_5
                0x0000008e                __vector_9
                0x0000008e                __vector_15
                0x0000008e                __vector_8
                0x0000008e                __vector_14
                0x0000008e                __vector_16
                0x0000008e                __vector_18
                0x0000008e                __vector_20
                0x00000092                . = ALIGN (0x2)
 *(.text.*)
 .text.main     0x00000092      0x180 APP/main.o
                0x00000092                main
 .text.__vector_1
                0x00000212       0x14 APP/main.o
                0x00000212                __vector_1
 .text.__vector_2
                0x00000226       0x14 APP/main.o
                0x00000226                __vector_2
 .text.LCD_WRITE_CMD
                0x0000023a       0x8e HAL/LCD/LCD.o
                0x0000023a                LCD_WRITE_CMD
 .text.LCD_INIT
                0x000002c8       0x84 HAL/LCD/LCD.o
                0x000002c8                LCD_INIT
 .text.LCD_WRITE_CHAR
                0x0000034c       0x8e HAL/LCD/LCD.o
                0x0000034c                LCD_WRITE_CHAR
 .text.LCD_WRITE_STR
                0x000003da       0x26 HAL/LCD/LCD.o
                0x000003da                LCD_WRITE_STR
 .text.LCD_WRITE_NUM
                0x00000400       0x3a HAL/LCD/LCD.o
                0x00000400                LCD_WRITE_NUM
 .text.LCD_CLR  0x0000043a        0x8 HAL/LCD/LCD.o
                0x0000043a                LCD_CLR
 .text.LCD_NEXT_LINE
                0x00000442        0x8 HAL/LCD/LCD.o
                0x00000442                LCD_NEXT_LINE
 .text.IntegerToString
                0x0000044a       0xc8 MCAL/CONFIG/Helper_Functions.o
                0x0000044a                IntegerToString
 .text.DIO_SET_PIN_DIR
                0x00000512       0xe2 MCAL/DIO/DIO.o
                0x00000512                DIO_SET_PIN_DIR
 .text.DIO_SET_PIN_VAL
                0x000005f4       0xe2 MCAL/DIO/DIO.o
                0x000005f4                DIO_SET_PIN_VAL
 .text.TIMER_INIT
                0x000006d6       0x38 MCAL/TIMER/TIMER.o
                0x000006d6                TIMER_INIT
 .text.TIMER_START
                0x0000070e       0x3c MCAL/TIMER/TIMER.o
                0x0000070e                TIMER_START
 .text.TIMER_STOP
                0x0000074a       0x28 MCAL/TIMER/TIMER.o
                0x0000074a                TIMER_STOP
 .text.TIMER_RUN_PWM
                0x00000772       0x1c MCAL/TIMER/TIMER.o
                0x00000772                TIMER_RUN_PWM
 .text.TIMER_START_PWM
                0x0000078e       0x24 MCAL/TIMER/TIMER.o
                0x0000078e                TIMER_START_PWM
 .text.TIMER_GET_DUTY_CYCLE_AND_FREQUENCY
                0x000007b2       0xec MCAL/TIMER/TIMER.o
                0x000007b2                TIMER_GET_DUTY_CYCLE_AND_FREQUENCY
 .text.__vector_10
                0x0000089e       0xc6 MCAL/TIMER/TIMER.o
                0x0000089e                __vector_10
 .text.__vector_7
                0x00000964       0xc8 MCAL/TIMER/TIMER.o
                0x00000964                __vector_7
 .text.__vector_4
                0x00000a2c       0xc8 MCAL/TIMER/TIMER.o
                0x00000a2c                __vector_4
 .text.avr-libc.fplib
                0x00000af4        0x8 c:/program files (x86)/atmel/studio/7.0/toolchain/avr8/avr8-gnu-toolchain/bin/../lib/gcc/avr/5.4.0/../../../../avr/lib/avr5\libm.a(divsf3.o)
                0x00000af4                __divsf3
 .text.avr-libc.fplib
                0x00000afc       0xdc c:/program files (x86)/atmel/studio/7.0/toolchain/avr8/avr8-gnu-toolchain/bin/../lib/gcc/avr/5.4.0/../../../../avr/lib/avr5\libm.a(divsf3x.o)
                0x00000b1c                __divsf3x
                0x00000b22                __divsf3_pse
 .text.avr-libc.fplib
                0x00000bd8       0x5e c:/program files (x86)/atmel/studio/7.0/toolchain/avr8/avr8-gnu-toolchain/bin/../lib/gcc/avr/5.4.0/../../../../avr/lib/avr5\libm.a(fixunssfsi.o)
                0x00000bd8                __fixunssfsi
 .text.avr-libc.fplib
                0x00000c36       0x7a c:/program files (x86)/atmel/studio/7.0/toolchain/avr8/avr8-gnu-toolchain/bin/../lib/gcc/avr/5.4.0/../../../../avr/lib/avr5\libm.a(floatsisf.o)
                0x00000c36                __floatunsisf
                0x00000c3a                __floatsisf
 .text.avr-libc.fplib
                0x00000cb0        0xc c:/program files (x86)/atmel/studio/7.0/toolchain/avr8/avr8-gnu-toolchain/bin/../lib/gcc/avr/5.4.0/../../../../avr/lib/avr5\libm.a(fp_inf.o)
                0x00000cb0                __fp_inf
 .text.avr-libc.fplib
                0x00000cbc        0x6 c:/program files (x86)/atmel/studio/7.0/toolchain/avr8/avr8-gnu-toolchain/bin/../lib/gcc/avr/5.4.0/../../../../avr/lib/avr5\libm.a(fp_nan.o)
                0x00000cbc                __fp_nan
 .text.avr-libc.fplib
                0x00000cc2        0xe c:/program files (x86)/atmel/studio/7.0/toolchain/avr8/avr8-gnu-toolchain/bin/../lib/gcc/avr/5.4.0/../../../../avr/lib/avr5\libm.a(fp_pscA.o)
                0x00000cc2                __fp_pscA
 .text.avr-libc.fplib
                0x00000cd0        0xe c:/program files (x86)/atmel/studio/7.0/toolchain/avr8/avr8-gnu-toolchain/bin/../lib/gcc/avr/5.4.0/../../../../avr/lib/avr5\libm.a(fp_pscB.o)
                0x00000cd0                __fp_pscB
 .text.avr-libc.fplib
                0x00000cde       0x22 c:/program files (x86)/atmel/studio/7.0/toolchain/avr8/avr8-gnu-toolchain/bin/../lib/gcc/avr/5.4.0/../../../../avr/lib/avr5\libm.a(fp_round.o)
                0x00000cde                __fp_round
 .text.avr-libc.fplib
                0x00000d00       0x44 c:/program files (x86)/atmel/studio/7.0/toolchain/avr8/avr8-gnu-toolchain/bin/../lib/gcc/avr/5.4.0/../../../../avr/lib/avr5\libm.a(fp_split3.o)
                0x00000d00                __fp_split3
                0x00000d10                __fp_splitA
 .text.avr-libc.fplib
                0x00000d44        0xe c:/program files (x86)/atmel/studio/7.0/toolchain/avr8/avr8-gnu-toolchain/bin/../lib/gcc/avr/5.4.0/../../../../avr/lib/avr5\libm.a(fp_zero.o)
                0x00000d44                __fp_zero
                0x00000d46                __fp_szero
 .text.avr-libc.fplib
                0x00000d52        0x8 c:/program files (x86)/atmel/studio/7.0/toolchain/avr8/avr8-gnu-toolchain/bin/../lib/gcc/avr/5.4.0/../../../../avr/lib/avr5\libm.a(mulsf3.o)
                0x00000d52                __mulsf3
 .text.avr-libc.fplib
                0x00000d5a       0xd2 c:/program files (x86)/atmel/studio/7.0/toolchain/avr8/avr8-gnu-toolchain/bin/../lib/gcc/avr/5.4.0/../../../../avr/lib/avr5\libm.a(mulsf3x.o)
                0x00000d78                __mulsf3x
                0x00000d7e                __mulsf3_pse
 .text.libgcc.div
                0x00000e2c       0x44 c:/program files (x86)/atmel/studio/7.0/toolchain/avr8/avr8-gnu-toolchain/bin/../lib/gcc/avr/5.4.0/avr5\libgcc.a(_udivmodsi4.o)
                0x00000e2c                __udivmodsi4
 .text.libgcc.mul
                0x00000e70       0x1e c:/program files (x86)/atmel/studio/7.0/toolchain/avr8/avr8-gnu-toolchain/bin/../lib/gcc/avr/5.4.0/avr5\libgcc.a(_umulhisi3.o)
                0x00000e70                __umulhisi3
                0x00000e8e                . = ALIGN (0x2)
 *(.fini9)
 .fini9         0x00000e8e        0x0 c:/program files (x86)/atmel/studio/7.0/toolchain/avr8/avr8-gnu-toolchain/bin/../lib/gcc/avr/5.4.0/avr5\libgcc.a(_exit.o)
                0x00000e8e                _exit
                0x00000e8e                exit
 *(.fini9)
 *(.fini8)
 *(.fini8)
 *(.fini7)
 *(.fini7)
 *(.fini6)
 *(.fini6)
 *(.fini5)
 *(.fini5)
 *(.fini4)
 *(.fini4)
 *(.fini3)
 *(.fini3)
 *(.fini2)
 *(.fini2)
 *(.fini1)
 *(.fini1)
 *(.fini0)
 .fini0         0x00000e8e        0x4 c:/program files (x86)/atmel/studio/7.0/toolchain/avr8/avr8-gnu-toolchain/bin/../lib/gcc/avr/5.4.0/avr5\libgcc.a(_exit.o)
 *(.fini0)
                0x00000e92                _etext = .

.data           0x00800060       0x22 load address 0x00000e92
                0x00800060                PROVIDE (__data_start, .)
 *(.data)
 *(.data*)
 *(.gnu.linkonce.d*)
 *(.rodata)
 *(.rodata*)
 .rodata.str1.1
                0x00800060       0x21 APP/main.o
 *(.gnu.linkonce.r*)
                0x00800082                . = ALIGN (0x2)
 *fill*         0x00800081        0x1 
                0x00800082                _edata = .
                0x00800082                PROVIDE (__data_end, .)

.bss            0x00800082       0x24
                0x00800082                PROVIDE (__bss_start, .)
 *(.bss)
 *(.bss*)
 .bss.delay_time_temp.2007
                0x00800082        0x4 MCAL/TIMER/TIMER.o
 .bss.delay_time_temp.2001
                0x00800086        0x4 MCAL/TIMER/TIMER.o
 .bss.delay_time_temp.1995
                0x0080008a        0x4 MCAL/TIMER/TIMER.o
 .bss.timer2_operation_mode
                0x0080008e        0x1 MCAL/TIMER/TIMER.o
 .bss.timer1_operation_mode
                0x0080008f        0x1 MCAL/TIMER/TIMER.o
 .bss.timer0_operation_mode
                0x00800090        0x1 MCAL/TIMER/TIMER.o
 .bss.ptr_timer2ISR
                0x00800091        0x2 MCAL/TIMER/TIMER.o
 .bss.ptr_timer1ISR
                0x00800093        0x2 MCAL/TIMER/TIMER.o
 .bss.ptr_timer0ISR
                0x00800095        0x2 MCAL/TIMER/TIMER.o
 .bss.timer2_delayTimeMs
                0x00800097        0x4 MCAL/TIMER/TIMER.o
 .bss.timer1_delayTimeMs
                0x0080009b        0x4 MCAL/TIMER/TIMER.o
 .bss.timer0_delayTimeMs
                0x0080009f        0x4 MCAL/TIMER/TIMER.o
 .bss.timer2_prescaler
                0x008000a3        0x1 MCAL/TIMER/TIMER.o
 .bss.timer1_prescaler
                0x008000a4        0x1 MCAL/TIMER/TIMER.o
 .bss.timer0_prescaler
                0x008000a5        0x1 MCAL/TIMER/TIMER.o
 *(COMMON)
                0x008000a6                PROVIDE (__bss_end, .)
                0x00000e92                __data_load_start = LOADADDR (.data)
                0x00000eb4                __data_load_end = (__data_load_start + SIZEOF (.data))

.noinit         0x008000a6        0x0
                [!provide]                PROVIDE (__noinit_start, .)
 *(.noinit*)
                [!provide]                PROVIDE (__noinit_end, .)
                0x008000a6                _end = .
                [!provide]                PROVIDE (__heap_start, .)

.eeprom         0x00810000        0x0
 *(.eeprom*)
                0x00810000                __eeprom_end = .

.fuse
 *(.fuse)
 *(.lfuse)
 *(.hfuse)
 *(.efuse)

.lock
 *(.lock*)

.signature
 *(.signature*)

.user_signatures
 *(.user_signatures*)

.stab
 *(.stab)

.stabstr
 *(.stabstr)

.stab.excl
 *(.stab.excl)

.stab.exclstr
 *(.stab.exclstr)

.stab.index
 *(.stab.index)

.stab.indexstr
 *(.stab.indexstr)

.comment        0x00000000       0x30
 *(.comment)
 .comment       0x00000000       0x30 APP/main.o
                                 0x31 (size before relaxing)
 .comment       0x00000030       0x31 HAL/LCD/LCD.o
 .comment       0x00000030       0x31 MCAL/CONFIG/Helper_Functions.o
 .comment       0x00000030       0x31 MCAL/DIO/DIO.o
 .comment       0x00000030       0x31 MCAL/TIMER/TIMER.o

.note.gnu.avr.deviceinfo
                0x00000000       0x3c
 .note.gnu.avr.deviceinfo
                0x00000000       0x3c C:/Program Files (x86)/Atmel/Studio/7.0/Packs/atmel/ATmega_DFP/1.7.374/gcc/dev/atmega32/avr5/crtatmega32.o

.note.gnu.build-id
 *(.note.gnu.build-id)

.debug
 *(.debug)

.line
 *(.line)

.debug_srcinfo
 *(.debug_srcinfo)

.debug_sfnames
 *(.debug_sfnames)

.debug_aranges  0x00000000      0x158
 *(.debug_aranges)
 .debug_aranges
                0x00000000       0x30 APP/main.o
 .debug_aranges
                0x00000030       0x50 HAL/LCD/LCD.o
 .debug_aranges
                0x00000080       0x20 MCAL/CONFIG/Helper_Functions.o
 .debug_aranges
                0x000000a0       0x40 MCAL/DIO/DIO.o
 .debug_aranges
                0x000000e0       0x78 MCAL/TIMER/TIMER.o

.debug_pubnames
 *(.debug_pubnames)

.debug_info     0x00000000     0x20b3
 *(.debug_info .gnu.linkonce.wi.*)
 .debug_info    0x00000000      0x4e6 C:/Program Files (x86)/Atmel/Studio/7.0/Packs/atmel/ATmega_DFP/1.7.374/gcc/dev/atmega32/avr5/crtatmega32.o
 .debug_info    0x000004e6      0x6fc APP/main.o
 .debug_info    0x00000be2      0x8cf HAL/LCD/LCD.o
 .debug_info    0x000014b1      0x1fa MCAL/CONFIG/Helper_Functions.o
 .debug_info    0x000016ab      0x387 MCAL/DIO/DIO.o
 .debug_info    0x00001a32      0x681 MCAL/TIMER/TIMER.o

.debug_abbrev   0x00000000      0xaff
 *(.debug_abbrev)
 .debug_abbrev  0x00000000      0x4a3 C:/Program Files (x86)/Atmel/Studio/7.0/Packs/atmel/ATmega_DFP/1.7.374/gcc/dev/atmega32/avr5/crtatmega32.o
 .debug_abbrev  0x000004a3      0x1aa APP/main.o
 .debug_abbrev  0x0000064d      0x184 HAL/LCD/LCD.o
 .debug_abbrev  0x000007d1       0xcb MCAL/CONFIG/Helper_Functions.o
 .debug_abbrev  0x0000089c       0xe9 MCAL/DIO/DIO.o
 .debug_abbrev  0x00000985      0x17a MCAL/TIMER/TIMER.o

.debug_line     0x00000000      0xfa2
 *(.debug_line .debug_line.* .debug_line_end)
 .debug_line    0x00000000      0x116 C:/Program Files (x86)/Atmel/Studio/7.0/Packs/atmel/ATmega_DFP/1.7.374/gcc/dev/atmega32/avr5/crtatmega32.o
 .debug_line    0x00000116      0x2ce APP/main.o
 .debug_line    0x000003e4      0x33f HAL/LCD/LCD.o
 .debug_line    0x00000723      0x12b MCAL/CONFIG/Helper_Functions.o
 .debug_line    0x0000084e      0x28e MCAL/DIO/DIO.o
 .debug_line    0x00000adc      0x4c6 MCAL/TIMER/TIMER.o

.debug_frame    0x00000000      0x3ec
 *(.debug_frame)
 .debug_frame   0x00000000       0x6c APP/main.o
 .debug_frame   0x0000006c       0xb0 HAL/LCD/LCD.o
 .debug_frame   0x0000011c       0x6c MCAL/CONFIG/Helper_Functions.o
 .debug_frame   0x00000188       0x64 MCAL/DIO/DIO.o
 .debug_frame   0x000001ec      0x200 MCAL/TIMER/TIMER.o

.debug_str      0x00000000      0x919
 *(.debug_str)
 .debug_str     0x00000000      0x196 C:/Program Files (x86)/Atmel/Studio/7.0/Packs/atmel/ATmega_DFP/1.7.374/gcc/dev/atmega32/avr5/crtatmega32.o
 .debug_str     0x00000196      0x504 APP/main.o
                                0x53d (size before relaxing)
 .debug_str     0x0000069a       0xc3 HAL/LCD/LCD.o
                                0x42b (size before relaxing)
 .debug_str     0x0000075d       0x22 MCAL/CONFIG/Helper_Functions.o
                                0x2e8 (size before relaxing)
 .debug_str     0x0000077f       0x6b MCAL/DIO/DIO.o
                                0x3d1 (size before relaxing)
 .debug_str     0x000007ea      0x12f MCAL/TIMER/TIMER.o
                                0x524 (size before relaxing)

.debug_loc      0x00000000     0x1461
 *(.debug_loc)
 .debug_loc     0x00000000      0x1d1 APP/main.o
 .debug_loc     0x000001d1      0x3e4 HAL/LCD/LCD.o
 .debug_loc     0x000005b5      0x201 MCAL/CONFIG/Helper_Functions.o
 .debug_loc     0x000007b6      0x378 MCAL/DIO/DIO.o
 .debug_loc     0x00000b2e      0x933 MCAL/TIMER/TIMER.o

.debug_macinfo
 *(.debug_macinfo)

.debug_weaknames
 *(.debug_weaknames)

.debug_funcnames
 *(.debug_funcnames)

.debug_typenames
 *(.debug_typenames)

.debug_varnames
 *(.debug_varnames)

.debug_pubtypes
 *(.debug_pubtypes)

.debug_ranges   0x00000000      0x108
 *(.debug_ranges)
 .debug_ranges  0x00000000       0x20 APP/main.o
 .debug_ranges  0x00000020       0x40 HAL/LCD/LCD.o
 .debug_ranges  0x00000060       0x10 MCAL/CONFIG/Helper_Functions.o
 .debug_ranges  0x00000070       0x30 MCAL/DIO/DIO.o
 .debug_ranges  0x000000a0       0x68 MCAL/TIMER/TIMER.o

.debug_macro
 *(.debug_macro)
OUTPUT(PWM_Drawer.elf elf32-avr)
LOAD linker stubs
